16:09:13 **** Incremental Build of configuration Debug for project Key_debounce ****
make -j8 all 
arm-none-eabi-gcc "../Core/Src/main.c" -mcpu=cortex-m3 -std=gnu11 -g3 -DDEBUG -DUSE_HAL_DRIVER -DSTM32F103xB -c -I../Core/Inc -I../Drivers/STM32F1xx_HAL_Driver/Inc/Legacy -I../Drivers/STM32F1xx_HAL_Driver/Inc -I../Drivers/CMSIS/Device/ST/STM32F1xx/Include -I../Drivers/CMSIS/Include -O0 -ffunction-sections -fdata-sections -Wall -fstack-usage -fcyclomatic-complexity -MMD -MP -MF"Core/Src/main.d" -MT"Core/Src/main.o" --specs=nano.specs -mfloat-abi=soft -mthumb -o "Core/Src/main.o"
arm-none-eabi-gcc -o "Key_debounce.elf" @"objects.list"   -mcpu=cortex-m3 -T"C:\Users\Admin\STM32CubeIDE\workspace_learn\Key_debounce\STM32F103C8TX_FLASH.ld" --specs=nosys.specs -Wl,-Map="Key_debounce.map" -Wl,--gc-sections -static --specs=nano.specs -mfloat-abi=soft -mthumb -Wl,--start-group -lc -lm -Wl,--end-group
Finished building target: Key_debounce.elf
 
arm-none-eabi-size  Key_debounce.elf 
arm-none-eabi-objdump -h -S Key_debounce.elf  > "Key_debounce.list"
   text	   data	    bss	    dec	    hex	filename
   4752	     12	   1572	   6336	   18c0	Key_debounce.elf
Finished building: default.size.stdout
 
Finished building: Key_debounce.list
 

16:09:14 Build Finished. 0 errors, 0 warnings. (took 817ms)

